Archive member included because of file (symbol)

c:/program files (x86)/gnu tools arm embedded/4.8 2014q3/bin/../lib/gcc/arm-none-eabi/4.8.4/../../../../arm-none-eabi/lib/armv7e-m\libg_s.a(lib_a-memcpy-stub.o)
                              ..\obj\string_render.o (memcpy)
c:/program files (x86)/gnu tools arm embedded/4.8 2014q3/bin/../lib/gcc/arm-none-eabi/4.8.4/../../../../arm-none-eabi/lib/armv7e-m\libg_s.a(lib_a-memset.o)
                              ..\obj\string_render.o (memset)
c:/program files (x86)/gnu tools arm embedded/4.8 2014q3/bin/../lib/gcc/arm-none-eabi/4.8.4/../../../../arm-none-eabi/lib/armv7e-m\libg_s.a(lib_a-sprintf.o)
                              ..\obj\string_render.o (sprintf)
c:/program files (x86)/gnu tools arm embedded/4.8 2014q3/bin/../lib/gcc/arm-none-eabi/4.8.4/../../../../arm-none-eabi/lib/armv7e-m\libg_s.a(lib_a-strlen.o)
                              ..\obj\emfat.o (strlen)
c:/program files (x86)/gnu tools arm embedded/4.8 2014q3/bin/../lib/gcc/arm-none-eabi/4.8.4/../../../../arm-none-eabi/lib/armv7e-m\libg_s.a(lib_a-svfprintf.o)
                              c:/program files (x86)/gnu tools arm embedded/4.8 2014q3/bin/../lib/gcc/arm-none-eabi/4.8.4/../../../../arm-none-eabi/lib/armv7e-m\libg_s.a(lib_a-sprintf.o) (_svfprintf_r)
c:/program files (x86)/gnu tools arm embedded/4.8 2014q3/bin/../lib/gcc/arm-none-eabi/4.8.4/../../../../arm-none-eabi/lib/armv7e-m\libg_s.a(lib_a-vfprintf_i.o)
                              c:/program files (x86)/gnu tools arm embedded/4.8 2014q3/bin/../lib/gcc/arm-none-eabi/4.8.4/../../../../arm-none-eabi/lib/armv7e-m\libg_s.a(lib_a-svfprintf.o) (_printf_i)
c:/program files (x86)/gnu tools arm embedded/4.8 2014q3/bin/../lib/gcc/arm-none-eabi/4.8.4/../../../../arm-none-eabi/lib/armv7e-m\libg_s.a(lib_a-impure.o)
                              c:/program files (x86)/gnu tools arm embedded/4.8 2014q3/bin/../lib/gcc/arm-none-eabi/4.8.4/../../../../arm-none-eabi/lib/armv7e-m\libg_s.a(lib_a-sprintf.o) (_impure_ptr)
c:/program files (x86)/gnu tools arm embedded/4.8 2014q3/bin/../lib/gcc/arm-none-eabi/4.8.4/../../../../arm-none-eabi/lib/armv7e-m\libg_s.a(lib_a-memchr-stub.o)
                              c:/program files (x86)/gnu tools arm embedded/4.8 2014q3/bin/../lib/gcc/arm-none-eabi/4.8.4/../../../../arm-none-eabi/lib/armv7e-m\libg_s.a(lib_a-svfprintf.o) (memchr)
c:/program files (x86)/gnu tools arm embedded/4.8 2014q3/bin/../lib/gcc/arm-none-eabi/4.8.4/../../../../arm-none-eabi/lib/armv7e-m\libg_s.a(lib_a-memmove.o)
                              c:/program files (x86)/gnu tools arm embedded/4.8 2014q3/bin/../lib/gcc/arm-none-eabi/4.8.4/../../../../arm-none-eabi/lib/armv7e-m\libg_s.a(lib_a-svfprintf.o) (memmove)
c:/program files (x86)/gnu tools arm embedded/4.8 2014q3/bin/../lib/gcc/arm-none-eabi/4.8.4/../../../../arm-none-eabi/lib/armv7e-m\libg_s.a(lib_a-nano-freer.o)
                              c:/program files (x86)/gnu tools arm embedded/4.8 2014q3/bin/../lib/gcc/arm-none-eabi/4.8.4/../../../../arm-none-eabi/lib/armv7e-m\libg_s.a(lib_a-svfprintf.o) (_free_r)
c:/program files (x86)/gnu tools arm embedded/4.8 2014q3/bin/../lib/gcc/arm-none-eabi/4.8.4/../../../../arm-none-eabi/lib/armv7e-m\libg_s.a(lib_a-nano-mallocr.o)
                              c:/program files (x86)/gnu tools arm embedded/4.8 2014q3/bin/../lib/gcc/arm-none-eabi/4.8.4/../../../../arm-none-eabi/lib/armv7e-m\libg_s.a(lib_a-svfprintf.o) (_malloc_r)
c:/program files (x86)/gnu tools arm embedded/4.8 2014q3/bin/../lib/gcc/arm-none-eabi/4.8.4/../../../../arm-none-eabi/lib/armv7e-m\libg_s.a(lib_a-nano-reallocr.o)
                              c:/program files (x86)/gnu tools arm embedded/4.8 2014q3/bin/../lib/gcc/arm-none-eabi/4.8.4/../../../../arm-none-eabi/lib/armv7e-m\libg_s.a(lib_a-svfprintf.o) (_realloc_r)
c:/program files (x86)/gnu tools arm embedded/4.8 2014q3/bin/../lib/gcc/arm-none-eabi/4.8.4/../../../../arm-none-eabi/lib/armv7e-m\libg_s.a(lib_a-sbrkr.o)
                              c:/program files (x86)/gnu tools arm embedded/4.8 2014q3/bin/../lib/gcc/arm-none-eabi/4.8.4/../../../../arm-none-eabi/lib/armv7e-m\libg_s.a(lib_a-nano-mallocr.o) (_sbrk_r)
c:/program files (x86)/gnu tools arm embedded/4.8 2014q3/bin/../lib/gcc/arm-none-eabi/4.8.4/../../../../arm-none-eabi/lib/armv7e-m\libg_s.a(lib_a-nano-msizer.o)
                              c:/program files (x86)/gnu tools arm embedded/4.8 2014q3/bin/../lib/gcc/arm-none-eabi/4.8.4/../../../../arm-none-eabi/lib/armv7e-m\libg_s.a(lib_a-nano-reallocr.o) (_malloc_usable_size_r)
c:/program files (x86)/gnu tools arm embedded/4.8 2014q3/bin/../lib/gcc/arm-none-eabi/4.8.4/../../../../arm-none-eabi/lib/armv7e-m\libg_s.a(lib_a-reent.o)
                              c:/program files (x86)/gnu tools arm embedded/4.8 2014q3/bin/../lib/gcc/arm-none-eabi/4.8.4/../../../../arm-none-eabi/lib/armv7e-m\libg_s.a(lib_a-sbrkr.o) (errno)

Allocating common symbols
Common symbol       size              file

[...]
Memory Configuration

Name             Origin             Length             Attributes
rom              0x08000000         0x00100000         xr
ram              0x20000000         0x00020000         xrw
ram1             0x10000000         0x00010000         xrw
*default*        0x00000000         0xffffffff

Linker script and memory map

                0x20020000                _eram = 0x20020000

.text           0x08000000     0x8036
 *(.isr_vector)
 .isr_vector    0x08000000      0x188 ..\obj\startup_stm32f4xx.o
                0x08000000                g_pfnVectors
 *(.text*)
 .text.USB_OTG_CoreReset.isra.1
                0x08000188       0x4c ..\obj\usb_core.o
 .text.USB_OTG_WritePacket
                0x080001d4       0x26 ..\obj\usb_core.o
                0x080001d4                USB_OTG_WritePacket
 .text.USB_OTG_ReadPacket
                0x080001fa       0x22 ..\obj\usb_core.o
                0x080001fa                USB_OTG_ReadPacket
 .text.USB_OTG_SelectCore
                0x0800021c       0xd0 ..\obj\usb_core.o
                0x0800021c                USB_OTG_SelectCore
 .text.USB_OTG_CoreInit
                0x080002ec       0x8e ..\obj\usb_core.o
                0x080002ec                USB_OTG_CoreInit
 .text.USB_OTG_EnableGlobalInt
                0x0800037a        0xe ..\obj\usb_core.o
                0x0800037a                USB_OTG_EnableGlobalInt
 .text.USB_OTG_DisableGlobalInt
                0x08000388        0xe ..\obj\usb_core.o
                0x08000388                USB_OTG_DisableGlobalInt
 *fill*         0x08000396        0x2 
 .text.USB_OTG_FlushTxFifo
                0x08000398       0x40 ..\obj\usb_core.o
                0x08000398                USB_OTG_FlushTxFifo
 .text.USB_OTG_FlushRxFifo
                0x080003d8       0x38 ..\obj\usb_core.o
                0x080003d8                USB_OTG_FlushRxFifo
 .text.USB_OTG_SetCurrentMode
                0x08000410       0x2a ..\obj\usb_core.o
                0x08000410                USB_OTG_SetCurrentMode
 .text.USB_OTG_IsDeviceMode
                0x0800043a        0xe ..\obj\usb_core.o
                0x0800043a                USB_OTG_IsDeviceMode
 .text.USB_OTG_ReadCoreItr
                0x08000448        0xa ..\obj\usb_core.o
                0x08000448                USB_OTG_ReadCoreItr
 .text.USB_OTG_InitDevSpeed
                0x08000452        0xc ..\obj\usb_core.o
                0x08000452                USB_OTG_InitDevSpeed
 *fill*         0x0800045e        0x2 
 .text.USB_OTG_EnableDevInt
                0x08000460       0x40 ..\obj\usb_core.o
                0x08000460                USB_OTG_EnableDevInt
 .text.USB_OTG_CoreInitDev
                0x080004a0       0xec ..\obj\usb_core.o
                0x080004a0                USB_OTG_CoreInitDev
 .text.USB_OTG_GetDeviceSpeed
                0x0800058c       0x20 ..\obj\usb_core.o
                0x0800058c                USB_OTG_GetDeviceSpeed
 .text.USB_OTG_EP0Activate
                0x080005ac       0x2a ..\obj\usb_core.o
                0x080005ac                USB_OTG_EP0Activate
 .text.USB_OTG_EPActivate
                0x080005d6       0x58 ..\obj\usb_core.o
                0x080005d6                USB_OTG_EPActivate
 .text.USB_OTG_EPDeactivate
                0x0800062e       0x3e ..\obj\usb_core.o
                0x0800062e                USB_OTG_EPDeactivate
 .text.USB_OTG_EPStartXfer
                0x0800066c      0x104 ..\obj\usb_core.o
                0x0800066c                USB_OTG_EPStartXfer
 .text.USB_OTG_EP0StartXfer
                0x08000770       0xf8 ..\obj\usb_core.o
                0x08000770                USB_OTG_EP0StartXfer
 .text.USB_OTG_EPSetStall
                0x08000868       0x28 ..\obj\usb_core.o
                0x08000868                USB_OTG_EPSetStall
 .text.USB_OTG_EPClearStall
                0x08000890       0x2a ..\obj\usb_core.o
                0x08000890                USB_OTG_EPClearStall
 .text.USB_OTG_ReadDevAllOutEp_itr
                0x080008ba        0xc ..\obj\usb_core.o
                0x080008ba                USB_OTG_ReadDevAllOutEp_itr
 .text.USB_OTG_ReadDevOutEP_itr
                0x080008c6       0x10 ..\obj\usb_core.o
                0x080008c6                USB_OTG_ReadDevOutEP_itr
 .text.USB_OTG_ReadDevAllInEPItr
                0x080008d6        0xc ..\obj\usb_core.o
                0x080008d6                USB_OTG_ReadDevAllInEPItr
 .text.USB_OTG_EP0_OutStart
                0x080008e2       0x3e ..\obj\usb_core.o
                0x080008e2                USB_OTG_EP0_OutStart
 .text.USB_OTG_UngateClock
                0x08000920       0x20 ..\obj\usb_core.o
                0x08000920                USB_OTG_UngateClock
 .text.USBD_USR_Init
                0x08000940        0x2 ..\obj\usbd_usr.o
                0x08000940                USBD_USR_Init
 .text.USBD_USR_DeviceReset
                0x08000942        0x2 ..\obj\usbd_usr.o
                0x08000942                USBD_USR_DeviceReset
 .text.USBD_USR_DeviceConfigured
                0x08000944        0x2 ..\obj\usbd_usr.o
                0x08000944                USBD_USR_DeviceConfigured
 .text.USBD_USR_DeviceSuspended
                0x08000946        0x2 ..\obj\usbd_usr.o
                0x08000946                USBD_USR_DeviceSuspended
 .text.USBD_USR_DeviceResumed
                0x08000948        0x2 ..\obj\usbd_usr.o
                0x08000948                USBD_USR_DeviceResumed
 .text.USBD_USR_DeviceConnected
                0x0800094a        0x2 ..\obj\usbd_usr.o
                0x0800094a                USBD_USR_DeviceConnected
 .text.USBD_USR_DeviceDisconnected
                0x0800094c        0x2 ..\obj\usbd_usr.o
                0x0800094c                USBD_USR_DeviceDisconnected
 .text.STORAGE_Init
                0x0800094e        0x4 ..\obj\StorageMode.o
                0x0800094e                STORAGE_Init
 *fill*         0x08000952        0x2 
 .text.STORAGE_GetCapacity
                0x08000954       0x14 ..\obj\StorageMode.o
                0x08000954                STORAGE_GetCapacity
 .text.STORAGE_IsReady
                0x08000968        0x4 ..\obj\StorageMode.o
                0x08000968                STORAGE_IsReady
 .text.STORAGE_IsWriteProtected
                0x0800096c        0x4 ..\obj\StorageMode.o
                0x0800096c                STORAGE_IsWriteProtected
 .text.STORAGE_GetMaxLun
                0x08000970        0x4 ..\obj\StorageMode.o
                0x08000970                STORAGE_GetMaxLun
 .text.STORAGE_Read
                0x08000974       0x10 ..\obj\StorageMode.o
                0x08000974                STORAGE_Read
 .text.STORAGE_Write
                0x08000984       0x10 ..\obj\StorageMode.o
                0x08000984                STORAGE_Write
 .text.Default_Handler
                0x08000994        0x2 ..\obj\startup_stm32f4xx.o
                0x08000994                RTC_Alarm_IRQHandler
                0x08000994                HASH_RNG_IRQHandler
                0x08000994                EXTI2_IRQHandler
                0x08000994                TIM8_CC_IRQHandler
                0x08000994                TIM1_CC_IRQHandler
                0x08000994                DMA2_Stream5_IRQHandler
                0x08000994                DMA1_Stream5_IRQHandler
                0x08000994                PVD_IRQHandler
                0x08000994                SDIO_IRQHandler
                0x08000994                TAMP_STAMP_IRQHandler
                0x08000994                CAN2_RX1_IRQHandler
                0x08000994                EXTI3_IRQHandler
                0x08000994                TIM8_TRG_COM_TIM14_IRQHandler
                0x08000994                TIM1_UP_TIM10_IRQHandler
                0x08000994                TIM8_UP_TIM13_IRQHandler
                0x08000994                I2C3_ER_IRQHandler
                0x08000994                I2C2_EV_IRQHandler
                0x08000994                DMA1_Stream2_IRQHandler
                0x08000994                CAN1_RX0_IRQHandler
                0x08000994                FPU_IRQHandler
                0x08000994                OTG_HS_WKUP_IRQHandler
                0x08000994                CAN2_SCE_IRQHandler
                0x08000994                DMA2_Stream2_IRQHandler
                0x08000994                SPI1_IRQHandler
                0x08000994                TIM6_DAC_IRQHandler
                0x08000994                TIM1_BRK_TIM9_IRQHandler
                0x08000994                DCMI_IRQHandler
                0x08000994                CAN2_RX0_IRQHandler
                0x08000994                DMA2_Stream3_IRQHandler
                0x08000994                USART6_IRQHandler
                0x08000994                USART3_IRQHandler
                0x08000994                CRYP_IRQHandler
                0x08000994                CAN1_RX1_IRQHandler
                0x08000994                UART5_IRQHandler
                0x08000994                DMA2_Stream0_IRQHandler
                0x08000994                TIM4_IRQHandler
                0x08000994                I2C1_EV_IRQHandler
                0x08000994                DMA1_Stream6_IRQHandler
                0x08000994                DMA1_Stream1_IRQHandler
                0x08000994                UART4_IRQHandler
                0x08000994                TIM3_IRQHandler
                0x08000994                RCC_IRQHandler
                0x08000994                TIM8_BRK_TIM12_IRQHandler
                0x08000994                EXTI15_10_IRQHandler
                0x08000994                ADC_IRQHandler
                0x08000994                DMA1_Stream7_IRQHandler
                0x08000994                TIM7_IRQHandler
                0x08000994                CAN2_TX_IRQHandler
                0x08000994                TIM5_IRQHandler
                0x08000994                DMA2_Stream7_IRQHandler
                0x08000994                I2C3_EV_IRQHandler
                0x08000994                EXTI9_5_IRQHandler
                0x08000994                RTC_WKUP_IRQHandler
                0x08000994                ETH_WKUP_IRQHandler
                0x08000994                SPI2_IRQHandler
                0x08000994                OTG_HS_EP1_IN_IRQHandler
                0x08000994                DMA1_Stream0_IRQHandler
                0x08000994                CAN1_TX_IRQHandler
                0x08000994                EXTI4_IRQHandler
                0x08000994                FSMC_IRQHandler
                0x08000994                ETH_IRQHandler
                0x08000994                OTG_HS_EP1_OUT_IRQHandler
                0x08000994                WWDG_IRQHandler
                0x08000994                TIM2_IRQHandler
                0x08000994                TIM1_TRG_COM_TIM11_IRQHandler
                0x08000994                OTG_HS_IRQHandler
                0x08000994                EXTI1_IRQHandler
                0x08000994                USART2_IRQHandler
                0x08000994                I2C2_ER_IRQHandler
                0x08000994                DMA2_Stream1_IRQHandler
                0x08000994                CAN1_SCE_IRQHandler
                0x08000994                FLASH_IRQHandler
                0x08000994                DMA2_Stream4_IRQHandler
                0x08000994                USART1_IRQHandler
                0x08000994                SPI3_IRQHandler
                0x08000994                DMA1_Stream4_IRQHandler
                0x08000994                I2C1_ER_IRQHandler
                0x08000994                DMA2_Stream6_IRQHandler
                0x08000994                DMA1_Stream3_IRQHandler
 *fill*         0x08000996        0x2 
 .text.Default_Reset_Handler
                0x08000998       0x4c ..\obj\startup_stm32f4xx.o
                0x08000998                Default_Reset_Handler
                0x08000998                Reset_Handler
 .text.character_callback
                0x080009e4       0x24 ..\obj\string_render.o
                0x080009e4                character_callback
 .text.line_callback
                0x08000a08       0x38 ..\obj\string_render.o
                0x08000a08                line_callback
 .text.pixel_callback
                0x08000a40       0x4a ..\obj\string_render.o
                0x08000a40                pixel_callback
 *fill*         0x08000a8a        0x2 
 .text.update_text
                0x08000a8c       0x24 ..\obj\string_render.o
                0x08000a8c                update_text
 .text.clean_buffer
                0x08000ab0       0x14 ..\obj\string_render.o
                0x08000ab0                clean_buffer
 .text.draw_strings
                0x08000ac4       0x84 ..\obj\string_render.o
                0x08000ac4                draw_strings
 .text.string_prosess_sector
                0x08000b48      0x124 ..\obj\string_render.o
                0x08000b48                string_prosess_sector
 .text.init_string_render
                0x08000c6c       0x6c ..\obj\string_render.o
                0x08000c6c                init_string_render
 .text.STM_EVAL_LEDInit
                0x08000cd8       0x48 ..\obj\stm32f4_discovery.o
                0x08000cd8                STM_EVAL_LEDInit
 .text.STM_EVAL_LEDOn
                0x08000d20       0x1c ..\obj\stm32f4_discovery.o
                0x08000d20                STM_EVAL_LEDOn
 .text.USBD_MSC_GetCfgDesc
                0x08000d3c        0xc ..\obj\usbd_msc_core.o
                0x08000d3c                USBD_MSC_GetCfgDesc
 .text.USBD_MSC_DeInit
                0x08000d48       0x1c ..\obj\usbd_msc_core.o
                0x08000d48                USBD_MSC_DeInit
 .text.USBD_MSC_Init
                0x08000d64       0x2a ..\obj\usbd_msc_core.o
                0x08000d64                USBD_MSC_Init
 *fill*         0x08000d8e        0x2 
 .text.USBD_MSC_Setup
                0x08000d90       0xb8 ..\obj\usbd_msc_core.o
                0x08000d90                USBD_MSC_Setup
 .text.USBD_MSC_DataIn
                0x08000e48        0xa ..\obj\usbd_msc_core.o
                0x08000e48                USBD_MSC_DataIn
 .text.USBD_MSC_DataOut
                0x08000e52        0xa ..\obj\usbd_msc_core.o
                0x08000e52                USBD_MSC_DataOut
 .text.USBD_Resume
                0x08000e5c       0x16 ..\obj\usbd_core.o
 .text.USBD_Suspend
                0x08000e72       0x14 ..\obj\usbd_core.o
 .text.USBD_SOF
                0x08000e86       0x10 ..\obj\usbd_core.o
 .text.USBD_IsoINIncomplete
                0x08000e96        0xe ..\obj\usbd_core.o
 .text.USBD_IsoOUTIncomplete
                0x08000ea4        0xe ..\obj\usbd_core.o
 .text.USBD_DevConnected
                0x08000eb2        0xe ..\obj\usbd_core.o
 .text.USBD_DevDisconnected
                0x08000ec0       0x1c ..\obj\usbd_core.o
 .text.USBD_Reset
                0x08000edc       0x2e ..\obj\usbd_core.o
 .text.USBD_SetupStage
                0x08000f0a       0x4a ..\obj\usbd_core.o
 .text.USBD_DataInStage
                0x08000f54       0x98 ..\obj\usbd_core.o
 .text.USBD_DataOutStage
                0x08000fec       0x74 ..\obj\usbd_core.o
 .text.USBD_Init
                0x08001060       0x38 ..\obj\usbd_core.o
                0x08001060                USBD_Init
 .text.USBD_SetCfg
                0x08001098       0x18 ..\obj\usbd_core.o
                0x08001098                USBD_SetCfg
 .text.USBD_ClrCfg
                0x080010b0        0xe ..\obj\usbd_core.o
                0x080010b0                USBD_ClrCfg
 *fill*         0x080010be        0x2 
 .text.bmp_read_proc
                0x080010c0       0xa8 ..\obj\main.o
                0x080010c0                bmp_read_proc
 .text.empty_read_proc
                0x08001168       0x28 ..\obj\main.o
                0x08001168                empty_read_proc
 .text.startup.main
                0x08001190       0x6c ..\obj\main.o
                0x08001190                main
 .text.RCC_GetClocksFreq
                0x080011fc       0x88 ..\obj\stm32f4xx_rcc.o
                0x080011fc                RCC_GetClocksFreq
 .text.RCC_AHB1PeriphClockCmd
                0x08001284       0x18 ..\obj\stm32f4xx_rcc.o
                0x08001284                RCC_AHB1PeriphClockCmd
 .text.RCC_AHB2PeriphClockCmd
                0x0800129c       0x18 ..\obj\stm32f4xx_rcc.o
                0x0800129c                RCC_AHB2PeriphClockCmd
 .text.RCC_APB2PeriphClockCmd
                0x080012b4       0x18 ..\obj\stm32f4xx_rcc.o
                0x080012b4                RCC_APB2PeriphClockCmd
 .text.RCC_APB1PeriphResetCmd
                0x080012cc       0x18 ..\obj\stm32f4xx_rcc.o
                0x080012cc                RCC_APB1PeriphResetCmd
 .text.NMI_Handler
                0x080012e4        0x2 ..\obj\stm32f4xx_it.o
                0x080012e4                NMI_Handler
 .text.HardFault_Handler
                0x080012e6        0x2 ..\obj\stm32f4xx_it.o
                0x080012e6                HardFault_Handler
 .text.MemManage_Handler
                0x080012e8        0x2 ..\obj\stm32f4xx_it.o
                0x080012e8                MemManage_Handler
 .text.BusFault_Handler
                0x080012ea        0x2 ..\obj\stm32f4xx_it.o
                0x080012ea                BusFault_Handler
 .text.UsageFault_Handler
                0x080012ec        0x2 ..\obj\stm32f4xx_it.o
                0x080012ec                UsageFault_Handler
 .text.SVC_Handler
                0x080012ee        0x2 ..\obj\stm32f4xx_it.o
                0x080012ee                SVC_Handler
 .text.DebugMon_Handler
                0x080012f0        0x2 ..\obj\stm32f4xx_it.o
                0x080012f0                DebugMon_Handler
 .text.PendSV_Handler
                0x080012f2        0x2 ..\obj\stm32f4xx_it.o
                0x080012f2                PendSV_Handler
 .text.SysTick_Handler
                0x080012f4        0xc ..\obj\stm32f4xx_it.o
                0x080012f4                SysTick_Handler
 .text.EXTI0_IRQHandler
                0x08001300        0x6 ..\obj\stm32f4xx_it.o
                0x08001300                EXTI0_IRQHandler
 *fill*         0x08001306        0x2 
 .text.OTG_FS_WKUP_IRQHandler
                0x08001308       0x30 ..\obj\stm32f4xx_it.o
                0x08001308                OTG_FS_WKUP_IRQHandler
 .text.OTG_FS_IRQHandler
                0x08001338        0xc ..\obj\stm32f4xx_it.o
                0x08001338                OTG_FS_IRQHandler
 .text.mf_render_character
                0x08001344       0x2e ..\obj\mf_font.o
                0x08001344                mf_render_character
 .text.mf_character_width
                0x08001372       0x14 ..\obj\mf_font.o
                0x08001372                mf_character_width
 *fill*         0x08001386        0x2 
 .text.mf_find_font
                0x08001388       0x4c ..\obj\mf_font.o
                0x08001388                mf_find_font
 .text.mf_get_font_list
                0x080013d4        0x8 ..\obj\mf_font.o
                0x080013d4                mf_get_font_list
 .text.find_glyph
                0x080013dc       0x36 ..\obj\mf_rlefont.o
 .text.write_pixels
                0x08001412       0x64 ..\obj\mf_rlefont.o
 .text.skip_pixels
                0x08001476       0x28 ..\obj\mf_rlefont.o
 .text.write_ref_codeword
                0x0800149e      0x116 ..\obj\mf_rlefont.o
 .text.mf_rlefont_render_character
                0x080015b4       0xa4 ..\obj\mf_rlefont.o
                0x080015b4                mf_rlefont_render_character
 .text.mf_rlefont_character_width
                0x08001658        0xc ..\obj\mf_rlefont.o
                0x08001658                mf_rlefont_character_width
 .text.SCSI_SenseCode
                0x08001664       0x2c ..\obj\usbd_msc_scsi.o
                0x08001664                SCSI_SenseCode
 .text.SCSI_ProcessCmd
                0x08001690      0x494 ..\obj\usbd_msc_scsi.o
                0x08001690                SCSI_ProcessCmd
 .text.USBD_USR_DeviceDescriptor
                0x08001b24        0xc ..\obj\usbd_desc.o
                0x08001b24                USBD_USR_DeviceDescriptor
 .text.USBD_USR_LangIDStrDescriptor
                0x08001b30        0xc ..\obj\usbd_desc.o
                0x08001b30                USBD_USR_LangIDStrDescriptor
 .text.USBD_USR_ManufacturerStrDescriptor
                0x08001b3c       0x1c ..\obj\usbd_desc.o
                0x08001b3c                USBD_USR_ManufacturerStrDescriptor
 .text.USBD_USR_ProductStrDescriptor
                0x08001b58       0x24 ..\obj\usbd_desc.o
                0x08001b58                USBD_USR_ProductStrDescriptor
 .text.USBD_USR_SerialStrDescriptor
                0x08001b7c       0x24 ..\obj\usbd_desc.o
                0x08001b7c                USBD_USR_SerialStrDescriptor
 .text.USBD_USR_ConfigStrDescriptor
                0x08001ba0       0x1c ..\obj\usbd_desc.o
                0x08001ba0                USBD_USR_ConfigStrDescriptor
 .text.USBD_USR_InterfaceStrDescriptor
                0x08001bbc       0x1c ..\obj\usbd_desc.o
                0x08001bbc                USBD_USR_InterfaceStrDescriptor
 .text.mf_getchar
                0x08001bd8       0x6e ..\obj\mf_encoding.o
                0x08001bd8                mf_getchar
 .text.mf_rewind
                0x08001c46       0x1e ..\obj\mf_encoding.o
                0x08001c46                mf_rewind
 .text.GPIO_Init
                0x08001c64       0x80 ..\obj\stm32f4xx_gpio.o
                0x08001c64                GPIO_Init
 .text.GPIO_PinAFConfig
                0x08001ce4       0x24 ..\obj\stm32f4xx_gpio.o
                0x08001ce4                GPIO_PinAFConfig
 .text.SystemInit
                0x08001d08      0x110 ..\obj\system_stm32f4xx.o
                0x08001d08                SystemInit
 .text._sbrk    0x08001e18       0x1c ..\obj\syscalls.o
                0x08001e18                _sbrk
 .text.strip_spaces
                0x08001e34       0x54 ..\obj\mf_justify.o
 .text.mf_round_to_tab
                0x08001e88       0x36 ..\obj\mf_justify.o
 .text.render_left
                0x08001ebe       0x68 ..\obj\mf_justify.o
 .text.mf_get_string_width
                0x08001f26       0x6e ..\obj\mf_justify.o
                0x08001f26                mf_get_string_width
 .text.mf_render_aligned
                0x08001f94      0x124 ..\obj\mf_justify.o
                0x08001f94                mf_render_aligned
 .text.USB_OTG_BSP_Init
                0x080020b8       0xa8 ..\obj\usb_bsp.o
                0x080020b8                USB_OTG_BSP_Init
 .text.USB_OTG_BSP_EnableInterrupt
                0x08002160       0x2c ..\obj\usb_bsp.o
                0x08002160                USB_OTG_BSP_EnableInterrupt
 .text.USB_OTG_BSP_uDelay
                0x0800218c       0x14 ..\obj\usb_bsp.o
                0x0800218c                USB_OTG_BSP_uDelay
 .text.USB_OTG_BSP_mDelay
                0x080021a0        0xa ..\obj\usb_bsp.o
                0x080021a0                USB_OTG_BSP_mDelay
 .text.USBD_ParseSetupRequest
                0x080021aa       0x44 ..\obj\usbd_req.o
                0x080021aa                USBD_ParseSetupRequest
 .text.USBD_CtlError
                0x080021ee       0x28 ..\obj\usbd_req.o
                0x080021ee                USBD_CtlError
 *fill*         0x08002216        0x2 
 .text.USBD_StdDevReq
                0x08002218      0x254 ..\obj\usbd_req.o
                0x08002218                USBD_StdDevReq
 .text.USBD_StdItfReq
                0x0800246c       0x30 ..\obj\usbd_req.o
                0x0800246c                USBD_StdItfReq
 .text.USBD_StdEPReq
                0x0800249c       0xc4 ..\obj\usbd_req.o
                0x0800249c                USBD_StdEPReq
 .text.USBD_GetString
                0x08002560       0x3c ..\obj\usbd_req.o
                0x08002560                USBD_GetString
 .text.DCD_WriteEmptyTxFifo
                0x0800259c       0x92 ..\obj\usb_dcd_int.o
 *fill*         0x0800262e        0x2 
 .text.USBD_OTG_ISR_Handler
                0x08002630      0x3a0 ..\obj\usb_dcd_int.o
                0x08002630                USBD_OTG_ISR_Handler
 .text.emfat_init_entries
                0x080029d0       0x74 ..\obj\emfat.o
                0x080029d0                emfat_init_entries
 .text.emfat_init
                0x08002a44       0xdc ..\obj\emfat.o
                0x08002a44                emfat_init
 .text.read_mbr_sector
                0x08002b20       0x6c ..\obj\emfat.o
                0x08002b20                read_mbr_sector
 .text.read_boot_sector
                0x08002b8c      0x124 ..\obj\emfat.o
                0x08002b8c                read_boot_sector
 .text.find_entry
                0x08002cb0       0x3c ..\obj\emfat.o
                0x08002cb0                find_entry
 .text.read_fat_sector
                0x08002cec       0x9c ..\obj\emfat.o
                0x08002cec                read_fat_sector
 .text.fill_entry
                0x08002d88       0xae ..\obj\emfat.o
                0x08002d88                fill_entry
 *fill*         0x08002e36        0x2 
 .text.fill_dir_sector
                0x08002e38       0xc0 ..\obj\emfat.o
                0x08002e38                fill_dir_sector
 .text.read_data_sector
                0x08002ef8       0x90 ..\obj\emfat.o
                0x08002ef8                read_data_sector
 .text.emfat_read
                0x08002f88       0x82 ..\obj\emfat.o
                0x08002f88                emfat_read
 .text.write_data_sector
                0x0800300a       0x46 ..\obj\emfat.o
                0x0800300a                write_data_sector
 .text.emfat_write
                0x08003050       0x36 ..\obj\emfat.o
                0x08003050                emfat_write
 *fill*         0x08003086        0x2 
 .text.EXTI_ClearITPendingBit
                0x08003088        0xc ..\obj\stm32f4xx_exti.o
                0x08003088                EXTI_ClearITPendingBit
 .text.NVIC_PriorityGroupConfig
                0x08003094       0x14 ..\obj\misc.o
                0x08003094                NVIC_PriorityGroupConfig
 .text.NVIC_Init
                0x080030a8       0x6c ..\obj\misc.o
                0x080030a8                NVIC_Init
 .text.DCD_Init
                0x08003114       0x9c ..\obj\usb_dcd.o
                0x08003114                DCD_Init
 .text.DCD_EP_Open
                0x080031b0       0x42 ..\obj\usb_dcd.o
                0x080031b0                DCD_EP_Open
 .text.DCD_EP_Close
                0x080031f2       0x30 ..\obj\usb_dcd.o
                0x080031f2                DCD_EP_Close
 .text.DCD_EP_PrepareRx
                0x08003222       0x36 ..\obj\usb_dcd.o
                0x08003222                DCD_EP_PrepareRx
 .text.DCD_EP_Tx
                0x08003258       0x32 ..\obj\usb_dcd.o
                0x08003258                DCD_EP_Tx
 .text.DCD_EP_Stall
                0x0800328a       0x34 ..\obj\usb_dcd.o
                0x0800328a                DCD_EP_Stall
 .text.DCD_EP_ClrStall
                0x080032be       0x34 ..\obj\usb_dcd.o
                0x080032be                DCD_EP_ClrStall
 .text.DCD_EP_Flush
                0x080032f2       0x18 ..\obj\usb_dcd.o
                0x080032f2                DCD_EP_Flush
 .text.DCD_EP_SetAddress
                0x0800330a       0x10 ..\obj\usb_dcd.o
                0x0800330a                DCD_EP_SetAddress
 .text.is_wrap_space
                0x0800331a       0x1e ..\obj\mf_wordwrap.o
 .text.mf_wordwrap
                0x08003338      0x26c ..\obj\mf_wordwrap.o
                0x08003338                mf_wordwrap
 .text.USBD_CtlSendData
                0x080035a4       0x22 ..\obj\usbd_ioreq.o
                0x080035a4                USBD_CtlSendData
 .text.USBD_CtlContinueSendData
                0x080035c6       0x12 ..\obj\usbd_ioreq.o
                0x080035c6                USBD_CtlContinueSendData
 .text.USBD_CtlContinueRx
                0x080035d8       0x12 ..\obj\usbd_ioreq.o
                0x080035d8                USBD_CtlContinueRx
 .text.USBD_CtlSendStatus
                0x080035ea       0x1e ..\obj\usbd_ioreq.o
                0x080035ea                USBD_CtlSendStatus
 .text.USBD_CtlReceiveStatus
                0x08003608       0x1e ..\obj\usbd_ioreq.o
                0x08003608                USBD_CtlReceiveStatus
 .text.USBD_GetRxCount
                0x08003626        0xc ..\obj\usbd_ioreq.o
                0x08003626                USBD_GetRxCount
 *fill*         0x08003632        0x2 
 .text.MSC_BOT_Abort
                0x08003634       0x44 ..\obj\usbd_msc_bot.o
 .text.MSC_BOT_Init
                0x08003678       0x48 ..\obj\usbd_msc_bot.o
                0x08003678                MSC_BOT_Init
 .text.MSC_BOT_Reset
                0x080036c0       0x20 ..\obj\usbd_msc_bot.o
                0x080036c0                MSC_BOT_Reset
 .text.MSC_BOT_DeInit
                0x080036e0        0xc ..\obj\usbd_msc_bot.o
                0x080036e0                MSC_BOT_DeInit
 .text.MSC_BOT_SendCSW
                0x080036ec       0x3c ..\obj\usbd_msc_bot.o
                0x080036ec                MSC_BOT_SendCSW
 .text.MSC_BOT_DataIn
                0x08003728       0x3c ..\obj\usbd_msc_bot.o
                0x08003728                MSC_BOT_DataIn
 .text.MSC_BOT_DataOut
                0x08003764       0xe4 ..\obj\usbd_msc_bot.o
                0x08003764                MSC_BOT_DataOut
 .text.MSC_BOT_CplClrFeature
                0x08003848       0x30 ..\obj\usbd_msc_bot.o
                0x08003848                MSC_BOT_CplClrFeature
 .text.fit_leftedge
                0x08003878       0x18 ..\obj\mf_kerning.o
 .text.fit_rightedge
                0x08003890       0x22 ..\obj\mf_kerning.o
 .text.do_kerning
                0x080038b2       0x20 ..\obj\mf_kerning.o
 *fill*         0x080038d2        0x2 
 .text.mf_compute_kerning
                0x080038d4       0xf0 ..\obj\mf_kerning.o
                0x080038d4                mf_compute_kerning
 .text.get_picture_data
                0x080039c4       0x22 ..\obj\image_render.o
                0x080039c4                get_picture_data
 *fill*         0x080039e6        0x2 
 .text.picture_prosess_sector
                0x080039e8      0x10c ..\obj\image_render.o
                0x080039e8                picture_prosess_sector
 .text.update_picture_sizes
                0x08003af4       0x34 ..\obj\image_render.o
                0x08003af4                update_picture_sizes
 .text.memcpy   0x08003b28       0x12 c:/program files (x86)/gnu tools arm embedded/4.8 2014q3/bin/../lib/gcc/arm-none-eabi/4.8.4/../../../../arm-none-eabi/lib/armv7e-m\libg_s.a(lib_a-memcpy-stub.o)
                0x08003b28                memcpy
 .text.memset   0x08003b3a       0x10 c:/program files (x86)/gnu tools arm embedded/4.8 2014q3/bin/../lib/gcc/arm-none-eabi/4.8.4/../../../../arm-none-eabi/lib/armv7e-m\libg_s.a(lib_a-memset.o)
                0x08003b3a                memset
 *fill*         0x08003b4a        0x2 
 .text.sprintf  0x08003b4c       0x48 c:/program files (x86)/gnu tools arm embedded/4.8 2014q3/bin/../lib/gcc/arm-none-eabi/4.8.4/../../../../arm-none-eabi/lib/armv7e-m\libg_s.a(lib_a-sprintf.o)
                0x08003b4c                siprintf
                0x08003b4c                sprintf
 .text.strlen   0x08003b94       0x10 c:/program files (x86)/gnu tools arm embedded/4.8 2014q3/bin/../lib/gcc/arm-none-eabi/4.8.4/../../../../arm-none-eabi/lib/armv7e-m\libg_s.a(lib_a-strlen.o)
                0x08003b94                strlen
 .text.__ssputs_r
                0x08003ba4       0xb8 c:/program files (x86)/gnu tools arm embedded/4.8 2014q3/bin/../lib/gcc/arm-none-eabi/4.8.4/../../../../arm-none-eabi/lib/armv7e-m\libg_s.a(lib_a-svfprintf.o)
                0x08003ba4                __ssputs_r
 .text._svfprintf_r
                0x08003c5c      0x1dc c:/program files (x86)/gnu tools arm embedded/4.8 2014q3/bin/../lib/gcc/arm-none-eabi/4.8.4/../../../../arm-none-eabi/lib/armv7e-m\libg_s.a(lib_a-svfprintf.o)
                0x08003c5c                _svfiprintf_r
                0x08003c5c                _svfprintf_r
 .text._printf_common
                0x08003e38       0xe4 c:/program files (x86)/gnu tools arm embedded/4.8 2014q3/bin/../lib/gcc/arm-none-eabi/4.8.4/../../../../arm-none-eabi/lib/armv7e-m\libg_s.a(lib_a-vfprintf_i.o)
                0x08003e38                _printf_common
 .text._printf_i
                0x08003f1c      0x228 c:/program files (x86)/gnu tools arm embedded/4.8 2014q3/bin/../lib/gcc/arm-none-eabi/4.8.4/../../../../arm-none-eabi/lib/armv7e-m\libg_s.a(lib_a-vfprintf_i.o)
                0x08003f1c                _printf_i
 .text.memchr   0x08004144       0x1e c:/program files (x86)/gnu tools arm embedded/4.8 2014q3/bin/../lib/gcc/arm-none-eabi/4.8.4/../../../../arm-none-eabi/lib/armv7e-m\libg_s.a(lib_a-memchr-stub.o)
                0x08004144                memchr
 .text.memmove  0x08004162       0x36 c:/program files (x86)/gnu tools arm embedded/4.8 2014q3/bin/../lib/gcc/arm-none-eabi/4.8.4/../../../../arm-none-eabi/lib/armv7e-m\libg_s.a(lib_a-memmove.o)
                0x08004162                memmove
 .text._free_r  0x08004198       0x88 c:/program files (x86)/gnu tools arm embedded/4.8 2014q3/bin/../lib/gcc/arm-none-eabi/4.8.4/../../../../arm-none-eabi/lib/armv7e-m\libg_s.a(lib_a-nano-freer.o)
                0x08004198                _free_r
 .text._malloc_r
                0x08004220       0xa8 c:/program files (x86)/gnu tools arm embedded/4.8 2014q3/bin/../lib/gcc/arm-none-eabi/4.8.4/../../../../arm-none-eabi/lib/armv7e-m\libg_s.a(lib_a-nano-mallocr.o)
                0x08004220                _malloc_r
 .text._realloc_r
                0x080042c8       0x4c c:/program files (x86)/gnu tools arm embedded/4.8 2014q3/bin/../lib/gcc/arm-none-eabi/4.8.4/../../../../arm-none-eabi/lib/armv7e-m\libg_s.a(lib_a-nano-reallocr.o)
                0x080042c8                _realloc_r
 .text._sbrk_r  0x08004314       0x20 c:/program files (x86)/gnu tools arm embedded/4.8 2014q3/bin/../lib/gcc/arm-none-eabi/4.8.4/../../../../arm-none-eabi/lib/armv7e-m\libg_s.a(lib_a-sbrkr.o)
                0x08004314                _sbrk_r
 .text._malloc_usable_size_r
                0x08004334       0x12 c:/program files (x86)/gnu tools arm embedded/4.8 2014q3/bin/../lib/gcc/arm-none-eabi/4.8.4/../../../../arm-none-eabi/lib/armv7e-m\libg_s.a(lib_a-nano-msizer.o)
                0x08004334                _malloc_usable_size_r
 *(.init)
 *(.fini)
 *crtbegin.o(.ctors)
 *crtbegin?.o(.ctors)
 *(EXCLUDE_FILE(*crtend.o *crtend?.o) .ctors)
 *(SORT(.ctors.*))
 *(.ctors)
 *crtbegin.o(.dtors)
 *crtbegin?.o(.dtors)
 *(EXCLUDE_FILE(*crtend.o *crtend?.o) .dtors)
 *(SORT(.dtors.*))
 *(.dtors)
 *(.rodata*)
 .rodata        0x08004346       0x24 ..\obj\StorageMode.o
                0x08004346                STORAGE_Inquirydata
 .rodata        0x0800436a        0xa ..\obj\string_render.o
 .rodata.str1.1
                0x08004374       0x3e ..\obj\string_render.o
 *fill*         0x080043b2        0x2 
 .rodata        0x080043b4       0x28 ..\obj\stm32f4_discovery.o
                0x080043b4                GPIO_CLK
                0x080043c4                GPIO_PIN
                0x080043cc                BUTTON_IRQn
                0x080043cd                BUTTON_PIN_SOURCE
                0x080043ce                BUTTON_PORT_SOURCE
                0x080043d0                BUTTON_EXTI_LINE
                0x080043d4                BUTTON_CLK
                0x080043d8                BUTTON_PIN
 .rodata        0x080043dc      0x444 ..\obj\main.o
                0x080043dc                bmp_header
                0x08004814                bmp_size
                0x08004818                bmp_width
                0x0800481c                bmp_height
 .rodata.str1.1
                0x08004820       0x1a ..\obj\main.o
                                 0x1b (size before relaxing)
 *fill*         0x0800483a        0x2 
 .rodata        0x0800483c     0x2a74 ..\obj\mf_font.o
                0x0800483c                mf_rlefont_phpRsx2Gn
 .rodata.str1.1
                0x080072b0       0x1a ..\obj\mf_font.o
 .rodata.str1.1
                0x080072ca       0x76 ..\obj\usbd_desc.o
 .rodata        0x08007340       0x17 ..\obj\usbd_msc_data.o
                0x08007340                MSC_Mode_Sense10_data
                0x08007348                MSC_Mode_Sense6_data
                0x08007350                MSC_Page00_Inquiry_Data
 .rodata.str1.1
                0x08007357       0x22 ..\obj\emfat.o
                                 0x24 (size before relaxing)
 .rodata        0x08007379      0xc88 ..\obj\image_render.o
                0x08007379                test6_image
                0x080079bd                test7_image
 .rodata.str1.1
                0x08008001       0x11 c:/program files (x86)/gnu tools arm embedded/4.8 2014q3/bin/../lib/gcc/arm-none-eabi/4.8.4/../../../../arm-none-eabi/lib/armv7e-m\libg_s.a(lib_a-svfprintf.o)
 .rodata.str1.1
                0x08008012       0x22 c:/program files (x86)/gnu tools arm embedded/4.8 2014q3/bin/../lib/gcc/arm-none-eabi/4.8.4/../../../../arm-none-eabi/lib/armv7e-m\libg_s.a(lib_a-vfprintf_i.o)
 .rodata.str1.1
                0x08008034        0x2 c:/program files (x86)/gnu tools arm embedded/4.8 2014q3/bin/../lib/gcc/arm-none-eabi/4.8.4/../../../../arm-none-eabi/lib/armv7e-m\libg_s.a(lib_a-impure.o)
 *(.eh_fram e*)

.glue_7         0x08008038        0x0
 .glue_7        0x00000000        0x0 linker stubs

.glue_7t        0x08008038        0x0
 .glue_7t       0x00000000        0x0 linker stubs

.vfp11_veneer   0x08008038        0x0
 .vfp11_veneer  0x00000000        0x0 linker stubs

.v4_bx          0x08008038        0x0
 .v4_bx         0x00000000        0x0 linker stubs

.iplt           0x08008038        0x0
 .iplt          0x00000000        0x0 ..\obj\stm32f4xx_syscfg.o

.rel.dyn        0x08008038        0x0
 .rel.iplt      0x00000000        0x0 ..\obj\stm32f4xx_syscfg.o

.ARM.extab
 *(.ARM.extab* .gnu.linkonce.armextab.*)
                0x08008038                __exidx_start = .

.ARM.exidx
 *(.ARM.exidx* .gnu.linkonce.armexidx.*)
                0x08008038                __exidx_end = .
                0x08008038                __etext = .
                0x08008036                _sidata = __etext

.data           0x20000000      0x308 load address 0x08008036
                0x20000000                __data_start__ = .
                0x20000000                _sdata = __data_start__
 *(vtable)
 *(.data*)
 .data          0x20000000       0x1c ..\obj\usbd_usr.o
                0x20000000                USR_cb
 .data          0x2000001c       0x24 ..\obj\StorageMode.o
                0x2000001c                USBD_STORAGE_fops
                0x20000020                STORAGE_fops
 .data          0x20000040       0x58 ..\obj\string_render.o
                0x20000040                text_array
                0x20000094                font_height
 .data          0x20000098       0x14 ..\obj\stm32f4_discovery.o
                0x20000098                GPIO_PORT
                0x200000a8                BUTTON_PORT
 .data          0x200000ac       0x4c ..\obj\usbd_msc_core.o
                0x200000ac                USBD_MSC_CfgDesc
                0x200000cc                USBD_MSC_cb
 .data          0x200000f8       0x30 ..\obj\usbd_core.o
                0x200000f8                USBD_DCD_INT_fops
                0x200000fc                USBD_DCD_INT_cb
 .data          0x20000128      0x100 ..\obj\main.o
 .data          0x20000228       0x10 ..\obj\stm32f4xx_rcc.o
 .data          0x20000238       0x3c ..\obj\usbd_desc.o
                0x20000238                USBD_DeviceDesc
                0x2000024a                USBD_LangIDDesc
                0x2000024e                USBD_DeviceQualifierDesc
                0x20000258                USR_desc
 .data          0x20000274       0x30 ..\obj\image_render.o
                0x20000274                picture_array
 .data.impure_data
                0x200002a4       0x60 c:/program files (x86)/gnu tools arm embedded/4.8 2014q3/bin/../lib/gcc/arm-none-eabi/4.8.4/../../../../arm-none-eabi/lib/armv7e-m\libg_s.a(lib_a-impure.o)
 .data._impure_ptr
                0x20000304        0x4 c:/program files (x86)/gnu tools arm embedded/4.8 2014q3/bin/../lib/gcc/arm-none-eabi/4.8.4/../../../../arm-none-eabi/lib/armv7e-m\libg_s.a(lib_a-impure.o)
                0x20000304                _impure_ptr
                0x20000308                . = ALIGN (0x4)
                0x20000308                PROVIDE (__preinit_array_start, .)
 *(.preinit_array)
                0x20000308                PROVIDE (__preinit_array_end, .)
                0x20000308                . = ALIGN (0x4)
                0x20000308                PROVIDE (__init_array_start, .)
 *(SORT(.init_array.*))
 *(.init_array)
                0x20000308                PROVIDE (__init_array_end, .)
                0x20000308                . = ALIGN (0x4)
                0x20000308                PROVIDE (__fini_array_start, .)
 *(SORT(.fini_array.*))
 *(.fini_array)
                0x20000308                PROVIDE (__fini_array_end, .)
 *(.jcr*)
                0x20000308                . = ALIGN (0x4)
                0x20000308                __data_end__ = .
                0x20000308                _edata = __data_end__

.igot.plt       0x20000308        0x0 load address 0x08008340
 .igot.plt      0x00000000        0x0 ..\obj\stm32f4xx_syscfg.o

.bss            0x20000308     0x87d4 load address 0x08008340
                0x20000308                . = ALIGN (0x4)
                0x20000308                __bss_start__ = .
                0x20000308                _sbss = __bss_start__
 *(.bss*)
 .bss           0x20000308       0x20 ..\obj\string_render.o
                0x2000030c                state
                0x20000322                buffer_start_line
                0x20000324                buffer_stop_line
 .bss           0x20000328        0x2 ..\obj\usbd_msc_core.o
 .bss           0x2000032a        0x1 ..\obj\stm32f4xx_it.o
                0x2000032a                new_frame_trigger
 *fill*         0x2000032b        0x1 
 .bss           0x2000032c        0x4 ..\obj\syscalls.o
 .bss           0x20000330       0x10 ..\obj\usbd_req.o
                0x20000334                USBD_default_cfg
                0x20000338                USBD_cfg_status
                0x2000033c                USBD_ep_status
 .bss.__malloc_sbrk_start
                0x20000340        0x4 c:/program files (x86)/gnu tools arm embedded/4.8 2014q3/bin/../lib/gcc/arm-none-eabi/4.8.4/../../../../arm-none-eabi/lib/armv7e-m\libg_s.a(lib_a-nano-mallocr.o)
                0x20000340                __malloc_sbrk_start
 .bss.__malloc_free_list
                0x20000344        0x4 c:/program files (x86)/gnu tools arm embedded/4.8 2014q3/bin/../lib/gcc/arm-none-eabi/4.8.4/../../../../arm-none-eabi/lib/armv7e-m\libg_s.a(lib_a-nano-mallocr.o)
                0x20000344                __malloc_free_list
 *(COMMON)
 COMMON         0x20000348     0x70b4 ..\obj\string_render.o
                0x20000348                font
                0x2000034c                text_render_array
                0x200073cc                options
                0x200073ec                text_arr
 *fill*         0x200073fc        0x4 
 COMMON         0x20007400      0x624 ..\obj\main.o
                0x20007400                emfat
                0x20007430                USB_OTG_dev
 COMMON         0x20007a24       0x39 ..\obj\usbd_msc_scsi.o
                0x20007a24                SCSI_blk_nbr
                0x20007a28                SCSI_blk_size
                0x20007a2c                SCSI_Sense_Head
                0x20007a30                SCSI_blk_len
                0x20007a34                SCSI_Sense
                0x20007a54                SCSI_blk_addr
                0x20007a58                cdev
                0x20007a5c                SCSI_Sense_Tail
 COMMON         0x20007a5d       0x40 ..\obj\usbd_req.o
                0x20007a5d                USBD_StrDesc
 *fill*         0x20007a9d        0x3 
 COMMON         0x20007aa0     0x1038 ..\obj\usbd_msc_bot.o
                0x20007aa0                MSC_BOT_Data
                0x20008aa0                MSC_BOT_Status
                0x20008aa4                MSC_BOT_cbw
                0x20008ac4                MSC_BOT_csw
                0x20008ad4                MSC_BOT_State
                0x20008ad6                MSC_BOT_DataLen
 COMMON         0x20008ad8        0x4 c:/program files (x86)/gnu tools arm embedded/4.8 2014q3/bin/../lib/gcc/arm-none-eabi/4.8.4/../../../../arm-none-eabi/lib/armv7e-m\libg_s.a(lib_a-reent.o)
                0x20008ad8                errno
                0x20008adc                . = ALIGN (0x4)
                0x20008adc                __bss_end__ = .
                0x20008adc                _ebss = __bss_end__

.co_stack       0x20008adc      0x804 load address 0x08010b14
                0x20008ae0                . = ALIGN (0x8)
 *fill*         0x20008adc        0x4 
 *(.co_stack .co_stack.*)
 .co_stack      0x20008ae0      0x800 ..\obj\startup_stm32f4xx.o
                0x20008ae0                pulStack

.heap           0x200092e0        0x0
                0x200092e0                __end__ = .
                0x200092e0                _end = __end__
                0x200092e0                end = __end__
 *(.heap*)
                0x200092e0                __HeapLimit = .
                0x20020000                __StackTop = (ORIGIN (ram) + 0x20000)
                0x2001f7fc                __StackLimit = (__StackTop - SIZEOF (.co_stack))
                0x20020000                PROVIDE (__stack, __StackTop)
                0x00000001                ASSERT ((__StackLimit >= __HeapLimit), region ram  overflowed with stack)
LOAD ..\obj\stm32f4xx_syscfg.o
LOAD ..\obj\usb_core.o
LOAD ..\obj\mf_scaledfont.o
LOAD ..\obj\usbd_usr.o
LOAD ..\obj\stm32f4xx_pwr.o
LOAD ..\obj\stm32f4xx_dac.o
LOAD ..\obj\StorageMode.o
LOAD ..\obj\startup_stm32f4xx.o
LOAD ..\obj\string_render.o
LOAD ..\obj\stm32f4_discovery.o
LOAD ..\obj\usbd_msc_core.o
LOAD ..\obj\usbd_core.o
LOAD ..\obj\main.o
LOAD ..\obj\stm32f4xx_rcc.o
LOAD ..\obj\stm32f4xx_it.o
LOAD ..\obj\mf_font.o
LOAD ..\obj\mf_rlefont.o
LOAD ..\obj\mf_bwfont.o
LOAD ..\obj\usbd_msc_scsi.o
LOAD ..\obj\usbd_desc.o
LOAD ..\obj\mf_encoding.o
LOAD ..\obj\stm32f4xx_gpio.o
LOAD ..\obj\system_stm32f4xx.o
LOAD ..\obj\syscalls.o
LOAD ..\obj\stm32f4xx_dma.o
LOAD ..\obj\mf_justify.o
LOAD ..\obj\usb_bsp.o
LOAD ..\obj\usbd_req.o
LOAD ..\obj\usb_dcd_int.o
LOAD ..\obj\usbd_msc_data.o
LOAD ..\obj\emfat.o
LOAD ..\obj\stm32f4xx_spi.o
LOAD ..\obj\stm32f4xx_i2c.o
LOAD ..\obj\stm32f4xx_exti.o
LOAD ..\obj\misc.o
LOAD ..\obj\usb_dcd.o
LOAD ..\obj\mf_wordwrap.o
LOAD ..\obj\usbd_ioreq.o
LOAD ..\obj\usbd_msc_bot.o
LOAD ..\obj\mf_kerning.o
LOAD ..\obj\image_render.o
LOAD ..\..\..\STM32F4-Discovery\libpdmfilter_gcc.a
START GROUP
LOAD c:/program files (x86)/gnu tools arm embedded/4.8 2014q3/bin/../lib/gcc/arm-none-eabi/4.8.4/armv7e-m\libgcc.a
LOAD c:/program files (x86)/gnu tools arm embedded/4.8 2014q3/bin/../lib/gcc/arm-none-eabi/4.8.4/../../../../arm-none-eabi/lib/armv7e-m\libg_s.a
LOAD c:/program files (x86)/gnu tools arm embedded/4.8 2014q3/bin/../lib/gcc/arm-none-eabi/4.8.4/../../../../arm-none-eabi/lib/armv7e-m\libc_s.a
END GROUP
START GROUP
LOAD c:/program files (x86)/gnu tools arm embedded/4.8 2014q3/bin/../lib/gcc/arm-none-eabi/4.8.4/armv7e-m\libgcc.a
LOAD c:/program files (x86)/gnu tools arm embedded/4.8 2014q3/bin/../lib/gcc/arm-none-eabi/4.8.4/../../../../arm-none-eabi/lib/armv7e-m\libc_s.a
END GROUP
OUTPUT(fat_emul1.elf elf32-littlearm)

.debug_info     0x00000000    0x18641
 .debug_info    0x00000000     0x2690 ..\obj\usb_core.o
 .debug_info    0x00002690      0x1d5 ..\obj\usbd_usr.o
 .debug_info    0x00002865      0x671 ..\obj\StorageMode.o
 .debug_info    0x00002ed6      0x13c ..\obj\startup_stm32f4xx.o
 .debug_info    0x00003012      0xa11 ..\obj\string_render.o
 .debug_info    0x00003a23      0x9fb ..\obj\stm32f4_discovery.o
 .debug_info    0x0000441e      0xfeb ..\obj\usbd_msc_core.o
 .debug_info    0x00005409     0x12ea ..\obj\usbd_core.o
 .debug_info    0x000066f3     0x1348 ..\obj\main.o
 .debug_info    0x00007a3b      0xc8c ..\obj\stm32f4xx_rcc.o
 .debug_info    0x000086c7      0xdbf ..\obj\stm32f4xx_it.o
 .debug_info    0x00009486      0x8d5 ..\obj\mf_font.o
 .debug_info    0x00009d5b      0x946 ..\obj\mf_rlefont.o
 .debug_info    0x0000a6a1     0x15a6 ..\obj\usbd_msc_scsi.o
 .debug_info    0x0000bc47      0x4b4 ..\obj\usbd_desc.o
 .debug_info    0x0000c0fb      0x144 ..\obj\mf_encoding.o
 .debug_info    0x0000c23f      0x70c ..\obj\stm32f4xx_gpio.o
 .debug_info    0x0000c94b      0x5b7 ..\obj\system_stm32f4xx.o
 .debug_info    0x0000cf02      0x3ed ..\obj\syscalls.o
 .debug_info    0x0000d2ef      0xc18 ..\obj\mf_justify.o
 .debug_info    0x0000df07     0x1223 ..\obj\usb_bsp.o
 .debug_info    0x0000f12a     0x133a ..\obj\usbd_req.o
 .debug_info    0x00010464     0x2380 ..\obj\usb_dcd_int.o
 .debug_info    0x000127e4      0x106 ..\obj\usbd_msc_data.o
 .debug_info    0x000128ea      0xf07 ..\obj\emfat.o
 .debug_info    0x000137f1      0x34a ..\obj\stm32f4xx_exti.o
 .debug_info    0x00013b3b      0x541 ..\obj\misc.o
 .debug_info    0x0001407c     0x1380 ..\obj\usb_dcd.o
 .debug_info    0x000153fc      0x861 ..\obj\mf_wordwrap.o
 .debug_info    0x00015c5d      0xe06 ..\obj\usbd_ioreq.o
 .debug_info    0x00016a63     0x1211 ..\obj\usbd_msc_bot.o
 .debug_info    0x00017c74      0x6bb ..\obj\mf_kerning.o
 .debug_info    0x0001832f      0x312 ..\obj\image_render.o

.debug_abbrev   0x00000000     0x4686
 .debug_abbrev  0x00000000      0x433 ..\obj\usb_core.o
 .debug_abbrev  0x00000433       0xdf ..\obj\usbd_usr.o
 .debug_abbrev  0x00000512      0x1a5 ..\obj\StorageMode.o
 .debug_abbrev  0x000006b7       0xf8 ..\obj\startup_stm32f4xx.o
 .debug_abbrev  0x000007af      0x2ca ..\obj\string_render.o
 .debug_abbrev  0x00000a79      0x1cd ..\obj\stm32f4_discovery.o
 .debug_abbrev  0x00000c46      0x251 ..\obj\usbd_msc_core.o
 .debug_abbrev  0x00000e97      0x335 ..\obj\usbd_core.o
 .debug_abbrev  0x000011cc      0x2d8 ..\obj\main.o
 .debug_abbrev  0x000014a4      0x209 ..\obj\stm32f4xx_rcc.o
 .debug_abbrev  0x000016ad      0x226 ..\obj\stm32f4xx_it.o
 .debug_abbrev  0x000018d3      0x1d1 ..\obj\mf_font.o
 .debug_abbrev  0x00001aa4      0x28b ..\obj\mf_rlefont.o
 .debug_abbrev  0x00001d2f      0x395 ..\obj\usbd_msc_scsi.o
 .debug_abbrev  0x000020c4      0x1a1 ..\obj\usbd_desc.o
 .debug_abbrev  0x00002265       0xb5 ..\obj\mf_encoding.o
 .debug_abbrev  0x0000231a      0x1e6 ..\obj\stm32f4xx_gpio.o
 .debug_abbrev  0x00002500      0x15f ..\obj\system_stm32f4xx.o
 .debug_abbrev  0x0000265f       0xf1 ..\obj\syscalls.o
 .debug_abbrev  0x00002750      0x2ef ..\obj\mf_justify.o
 .debug_abbrev  0x00002a3f      0x25e ..\obj\usb_bsp.o
 .debug_abbrev  0x00002c9d      0x391 ..\obj\usbd_req.o
 .debug_abbrev  0x0000302e      0x371 ..\obj\usb_dcd_int.o
 .debug_abbrev  0x0000339f       0x73 ..\obj\usbd_msc_data.o
 .debug_abbrev  0x00003412      0x273 ..\obj\emfat.o
 .debug_abbrev  0x00003685      0x1c3 ..\obj\stm32f4xx_exti.o
 .debug_abbrev  0x00003848      0x154 ..\obj\misc.o
 .debug_abbrev  0x0000399c      0x2e8 ..\obj\usb_dcd.o
 .debug_abbrev  0x00003c84      0x24f ..\obj\mf_wordwrap.o
 .debug_abbrev  0x00003ed3      0x1dd ..\obj\usbd_ioreq.o
 .debug_abbrev  0x000040b0      0x2c9 ..\obj\usbd_msc_bot.o
 .debug_abbrev  0x00004379      0x1f4 ..\obj\mf_kerning.o
 .debug_abbrev  0x0000456d      0x119 ..\obj\image_render.o

.debug_loc      0x00000000     0x9aec
 .debug_loc     0x00000000     0x10cc ..\obj\usb_core.o
 .debug_loc     0x000010cc      0x18c ..\obj\StorageMode.o
 .debug_loc     0x00001258       0x74 ..\obj\startup_stm32f4xx.o
 .debug_loc     0x000012cc      0x53e ..\obj\string_render.o
 .debug_loc     0x0000180a       0xe7 ..\obj\stm32f4_discovery.o
 .debug_loc     0x000018f1      0x283 ..\obj\usbd_msc_core.o
 .debug_loc     0x00001b74      0x524 ..\obj\usbd_core.o
 .debug_loc     0x00002098      0x53d ..\obj\main.o
 .debug_loc     0x000025d5      0x9ec ..\obj\stm32f4xx_rcc.o
 .debug_loc     0x00002fc1      0x1e7 ..\obj\mf_font.o
 .debug_loc     0x000031a8      0x82e ..\obj\mf_rlefont.o
 .debug_loc     0x000039d6      0xa21 ..\obj\usbd_msc_scsi.o
 .debug_loc     0x000043f7      0x29b ..\obj\usbd_desc.o
 .debug_loc     0x00004692       0xe5 ..\obj\mf_encoding.o
 .debug_loc     0x00004777      0x349 ..\obj\stm32f4xx_gpio.o
 .debug_loc     0x00004ac0       0xb7 ..\obj\system_stm32f4xx.o
 .debug_loc     0x00004b77      0x108 ..\obj\syscalls.o
 .debug_loc     0x00004c7f      0xc67 ..\obj\mf_justify.o
 .debug_loc     0x000058e6       0xa3 ..\obj\usb_bsp.o
 .debug_loc     0x00005989      0x660 ..\obj\usbd_req.o
 .debug_loc     0x00005fe9      0x670 ..\obj\usb_dcd_int.o
 .debug_loc     0x00006659      0xe08 ..\obj\emfat.o
 .debug_loc     0x00007461      0x1a0 ..\obj\stm32f4xx_exti.o
 .debug_loc     0x00007601      0x147 ..\obj\misc.o
 .debug_loc     0x00007748      0x692 ..\obj\usb_dcd.o
 .debug_loc     0x00007dda      0xd19 ..\obj\mf_wordwrap.o
 .debug_loc     0x00008af3      0x1f8 ..\obj\usbd_ioreq.o
 .debug_loc     0x00008ceb      0x403 ..\obj\usbd_msc_bot.o
 .debug_loc     0x000090ee      0x574 ..\obj\mf_kerning.o
 .debug_loc     0x00009662      0x48a ..\obj\image_render.o

.debug_aranges  0x00000000      0xba0
 .debug_aranges
                0x00000000      0x130 ..\obj\usb_core.o
 .debug_aranges
                0x00000130       0x50 ..\obj\usbd_usr.o
 .debug_aranges
                0x00000180       0x58 ..\obj\StorageMode.o
 .debug_aranges
                0x000001d8       0x28 ..\obj\startup_stm32f4xx.o
 .debug_aranges
                0x00000200       0x58 ..\obj\string_render.o
 .debug_aranges
                0x00000258       0x48 ..\obj\stm32f4_discovery.o
 .debug_aranges
                0x000002a0       0x48 ..\obj\usbd_msc_core.o
 .debug_aranges
                0x000002e8       0x90 ..\obj\usbd_core.o
 .debug_aranges
                0x00000378       0x30 ..\obj\main.o
 .debug_aranges
                0x000003a8      0x178 ..\obj\stm32f4xx_rcc.o
 .debug_aranges
                0x00000520       0x78 ..\obj\stm32f4xx_it.o
 .debug_aranges
                0x00000598       0x38 ..\obj\mf_font.o
 .debug_aranges
                0x000005d0       0x48 ..\obj\mf_rlefont.o
 .debug_aranges
                0x00000618       0x28 ..\obj\usbd_msc_scsi.o
 .debug_aranges
                0x00000640       0x50 ..\obj\usbd_desc.o
 .debug_aranges
                0x00000690       0x28 ..\obj\mf_encoding.o
 .debug_aranges
                0x000006b8       0x88 ..\obj\stm32f4xx_gpio.o
 .debug_aranges
                0x00000740       0x28 ..\obj\system_stm32f4xx.o
 .debug_aranges
                0x00000768       0x60 ..\obj\syscalls.o
 .debug_aranges
                0x000007c8       0x48 ..\obj\mf_justify.o
 .debug_aranges
                0x00000810       0x38 ..\obj\usb_bsp.o
 .debug_aranges
                0x00000848       0x48 ..\obj\usbd_req.o
 .debug_aranges
                0x00000890       0x28 ..\obj\usb_dcd_int.o
 .debug_aranges
                0x000008b8       0x18 ..\obj\usbd_msc_data.o
 .debug_aranges
                0x000008d0       0x80 ..\obj\emfat.o
 .debug_aranges
                0x00000950       0x58 ..\obj\stm32f4xx_exti.o
 .debug_aranges
                0x000009a8       0x40 ..\obj\misc.o
 .debug_aranges
                0x000009e8       0x80 ..\obj\usb_dcd.o
 .debug_aranges
                0x00000a68       0x28 ..\obj\mf_wordwrap.o
 .debug_aranges
                0x00000a90       0x50 ..\obj\usbd_ioreq.o
 .debug_aranges
                0x00000ae0       0x58 ..\obj\usbd_msc_bot.o
 .debug_aranges
                0x00000b38       0x38 ..\obj\mf_kerning.o
 .debug_aranges
                0x00000b70       0x30 ..\obj\image_render.o

.debug_ranges   0x00000000      0xc38
 .debug_ranges  0x00000000      0x120 ..\obj\usb_core.o
 .debug_ranges  0x00000120       0x40 ..\obj\usbd_usr.o
 .debug_ranges  0x00000160       0x48 ..\obj\StorageMode.o
 .debug_ranges  0x000001a8       0x18 ..\obj\startup_stm32f4xx.o
 .debug_ranges  0x000001c0       0x68 ..\obj\string_render.o
 .debug_ranges  0x00000228       0x38 ..\obj\stm32f4_discovery.o
 .debug_ranges  0x00000260       0x38 ..\obj\usbd_msc_core.o
 .debug_ranges  0x00000298       0x80 ..\obj\usbd_core.o
 .debug_ranges  0x00000318       0x58 ..\obj\main.o
 .debug_ranges  0x00000370      0x168 ..\obj\stm32f4xx_rcc.o
 .debug_ranges  0x000004d8       0x68 ..\obj\stm32f4xx_it.o
 .debug_ranges  0x00000540       0x28 ..\obj\mf_font.o
 .debug_ranges  0x00000568       0x68 ..\obj\mf_rlefont.o
 .debug_ranges  0x000005d0       0xd8 ..\obj\usbd_msc_scsi.o
 .debug_ranges  0x000006a8       0x70 ..\obj\usbd_desc.o
 .debug_ranges  0x00000718       0x18 ..\obj\mf_encoding.o
 .debug_ranges  0x00000730       0x78 ..\obj\stm32f4xx_gpio.o
 .debug_ranges  0x000007a8       0x18 ..\obj\system_stm32f4xx.o
 .debug_ranges  0x000007c0       0x50 ..\obj\syscalls.o
 .debug_ranges  0x00000810       0x98 ..\obj\mf_justify.o
 .debug_ranges  0x000008a8       0x28 ..\obj\usb_bsp.o
 .debug_ranges  0x000008d0       0x38 ..\obj\usbd_req.o
 .debug_ranges  0x00000908       0x48 ..\obj\usb_dcd_int.o
 .debug_ranges  0x00000950       0x88 ..\obj\emfat.o
 .debug_ranges  0x000009d8       0x48 ..\obj\stm32f4xx_exti.o
 .debug_ranges  0x00000a20       0x30 ..\obj\misc.o
 .debug_ranges  0x00000a50       0x70 ..\obj\usb_dcd.o
 .debug_ranges  0x00000ac0       0x58 ..\obj\mf_wordwrap.o
 .debug_ranges  0x00000b18       0x40 ..\obj\usbd_ioreq.o
 .debug_ranges  0x00000b58       0x98 ..\obj\usbd_msc_bot.o
 .debug_ranges  0x00000bf0       0x28 ..\obj\mf_kerning.o
 .debug_ranges  0x00000c18       0x20 ..\obj\image_render.o

.debug_line     0x00000000     0x60df
 .debug_line    0x00000000      0x6e9 ..\obj\usb_core.o
 .debug_line    0x000006e9      0x207 ..\obj\usbd_usr.o
 .debug_line    0x000008f0      0x305 ..\obj\StorageMode.o
 .debug_line    0x00000bf5       0x98 ..\obj\startup_stm32f4xx.o
 .debug_line    0x00000c8d      0x358 ..\obj\string_render.o
 .debug_line    0x00000fe5      0x2d4 ..\obj\stm32f4_discovery.o
 .debug_line    0x000012b9      0x379 ..\obj\usbd_msc_core.o
 .debug_line    0x00001632      0x3ef ..\obj\usbd_core.o
 .debug_line    0x00001a21      0x437 ..\obj\main.o
 .debug_line    0x00001e58      0x576 ..\obj\stm32f4xx_rcc.o
 .debug_line    0x000023ce      0x2fa ..\obj\stm32f4xx_it.o
 .debug_line    0x000026c8      0x1bd ..\obj\mf_font.o
 .debug_line    0x00002885      0x265 ..\obj\mf_rlefont.o
 .debug_line    0x00002aea      0x402 ..\obj\usbd_msc_scsi.o
 .debug_line    0x00002eec      0x28a ..\obj\usbd_desc.o
 .debug_line    0x00003176      0x182 ..\obj\mf_encoding.o
 .debug_line    0x000032f8      0x33a ..\obj\stm32f4xx_gpio.o
 .debug_line    0x00003632      0x1d3 ..\obj\system_stm32f4xx.o
 .debug_line    0x00003805      0x164 ..\obj\syscalls.o
 .debug_line    0x00003969      0x2d6 ..\obj\mf_justify.o
 .debug_line    0x00003c3f      0x2d2 ..\obj\usb_bsp.o
 .debug_line    0x00003f11      0x370 ..\obj\usbd_req.o
 .debug_line    0x00004281      0x334 ..\obj\usb_dcd_int.o
 .debug_line    0x000045b5      0x17b ..\obj\usbd_msc_data.o
 .debug_line    0x00004730      0x49b ..\obj\emfat.o
 .debug_line    0x00004bcb      0x299 ..\obj\stm32f4xx_exti.o
 .debug_line    0x00004e64      0x23e ..\obj\misc.o
 .debug_line    0x000050a2      0x3a1 ..\obj\usb_dcd.o
 .debug_line    0x00005443      0x22f ..\obj\mf_wordwrap.o
 .debug_line    0x00005672      0x2ce ..\obj\usbd_ioreq.o
 .debug_line    0x00005940      0x3c2 ..\obj\usbd_msc_bot.o
 .debug_line    0x00005d02      0x1eb ..\obj\mf_kerning.o
 .debug_line    0x00005eed      0x1f2 ..\obj\image_render.o

.debug_str      0x00000000     0x510b
 .debug_str     0x00000000     0x137a ..\obj\usb_core.o
                               0x16b5 (size before relaxing)
 .debug_str     0x0000137a      0x10a ..\obj\usbd_usr.o
                                0x2d5 (size before relaxing)
 .debug_str     0x00001484      0x2a6 ..\obj\StorageMode.o
                                0x48e (size before relaxing)
 .debug_str     0x0000172a       0xc1 ..\obj\startup_stm32f4xx.o
                                0x158 (size before relaxing)
 .debug_str     0x000017eb      0x36c ..\obj\string_render.o
                                0x56f (size before relaxing)
 .debug_str     0x00001b57      0xa41 ..\obj\stm32f4_discovery.o
                                0xba8 (size before relaxing)
 .debug_str     0x00002598      0x1d2 ..\obj\usbd_msc_core.o
                                0xb43 (size before relaxing)
 .debug_str     0x0000276a      0x25a ..\obj\usbd_core.o
                                0xc10 (size before relaxing)
 .debug_str     0x000029c4      0x140 ..\obj\main.o
                                0xc58 (size before relaxing)
 .debug_str     0x00002b04      0x5f1 ..\obj\stm32f4xx_rcc.o
                                0x849 (size before relaxing)
 .debug_str     0x000030f5      0x18c ..\obj\stm32f4xx_it.o
                                0xa95 (size before relaxing)
 .debug_str     0x00003281      0x4d0 ..\obj\mf_font.o
                                0x77c (size before relaxing)
 .debug_str     0x00003751      0x143 ..\obj\mf_rlefont.o
                                0x44f (size before relaxing)
 .debug_str     0x00003894      0x365 ..\obj\usbd_msc_scsi.o
                                0xcdf (size before relaxing)
 .debug_str     0x00003bf9      0x154 ..\obj\usbd_desc.o
                                0x383 (size before relaxing)
 .debug_str     0x00003d4d       0x5a ..\obj\mf_encoding.o
                                0x194 (size before relaxing)
 .debug_str     0x00003da7      0x17c ..\obj\stm32f4xx_gpio.o
                                0x4c3 (size before relaxing)
 .debug_str     0x00003f23       0xb2 ..\obj\system_stm32f4xx.o
                                0x3a3 (size before relaxing)
 .debug_str     0x00003fd5      0x142 ..\obj\syscalls.o
                                0x2c6 (size before relaxing)
 .debug_str     0x00004117      0x10a ..\obj\mf_justify.o
                                0x3e8 (size before relaxing)
 .debug_str     0x00004221       0x54 ..\obj\usb_bsp.o
                               0x115b (size before relaxing)
 .debug_str     0x00004275      0x142 ..\obj\usbd_req.o
                                0xbae (size before relaxing)
 .debug_str     0x000043b7      0x324 ..\obj\usb_dcd_int.o
                               0x14c5 (size before relaxing)
 .debug_str     0x000046db       0x60 ..\obj\usbd_msc_data.o
                                0x1dd (size before relaxing)
 .debug_str     0x0000473b      0x35e ..\obj\emfat.o
                                0x694 (size before relaxing)
 .debug_str     0x00004a99       0xe5 ..\obj\stm32f4xx_exti.o
                                0x352 (size before relaxing)
 .debug_str     0x00004b7e      0x137 ..\obj\misc.o
                                0x3c7 (size before relaxing)
 .debug_str     0x00004cb5       0xa4 ..\obj\usb_dcd.o
                                0xcd7 (size before relaxing)
 .debug_str     0x00004d59      0x100 ..\obj\mf_wordwrap.o
                                0x3ac (size before relaxing)
 .debug_str     0x00004e59       0x7a ..\obj\usbd_ioreq.o
                                0xa1c (size before relaxing)
 .debug_str     0x00004ed3       0xab ..\obj\usbd_msc_bot.o
                                0xbba (size before relaxing)
 .debug_str     0x00004f7e       0xb2 ..\obj\mf_kerning.o
                                0x32c (size before relaxing)
 .debug_str     0x00005030       0xdb ..\obj\image_render.o
                                0x2ba (size before relaxing)

.comment        0x00000000       0x70
 .comment       0x00000000       0x70 ..\obj\usb_core.o
                                 0x71 (size before relaxing)
 .comment       0x00000000       0x71 ..\obj\usbd_usr.o
 .comment       0x00000000       0x71 ..\obj\StorageMode.o
 .comment       0x00000000       0x71 ..\obj\startup_stm32f4xx.o
 .comment       0x00000000       0x71 ..\obj\string_render.o
 .comment       0x00000000       0x71 ..\obj\stm32f4_discovery.o
 .comment       0x00000000       0x71 ..\obj\usbd_msc_core.o
 .comment       0x00000000       0x71 ..\obj\usbd_core.o
 .comment       0x00000000       0x71 ..\obj\main.o
 .comment       0x00000000       0x71 ..\obj\stm32f4xx_rcc.o
 .comment       0x00000000       0x71 ..\obj\stm32f4xx_it.o
 .comment       0x00000000       0x71 ..\obj\mf_font.o
 .comment       0x00000000       0x71 ..\obj\mf_rlefont.o
 .comment       0x00000000       0x71 ..\obj\usbd_msc_scsi.o
 .comment       0x00000000       0x71 ..\obj\usbd_desc.o
 .comment       0x00000000       0x71 ..\obj\mf_encoding.o
 .comment       0x00000000       0x71 ..\obj\stm32f4xx_gpio.o
 .comment       0x00000000       0x71 ..\obj\system_stm32f4xx.o
 .comment       0x00000000       0x71 ..\obj\syscalls.o
 .comment       0x00000000       0x71 ..\obj\mf_justify.o
 .comment       0x00000000       0x71 ..\obj\usb_bsp.o
 .comment       0x00000000       0x71 ..\obj\usbd_req.o
 .comment       0x00000000       0x71 ..\obj\usb_dcd_int.o
 .comment       0x00000000       0x71 ..\obj\usbd_msc_data.o
 .comment       0x00000000       0x71 ..\obj\emfat.o
 .comment       0x00000000       0x71 ..\obj\stm32f4xx_exti.o
 .comment       0x00000000       0x71 ..\obj\misc.o
 .comment       0x00000000       0x71 ..\obj\usb_dcd.o
 .comment       0x00000000       0x71 ..\obj\mf_wordwrap.o
 .comment       0x00000000       0x71 ..\obj\usbd_ioreq.o
 .comment       0x00000000       0x71 ..\obj\usbd_msc_bot.o
 .comment       0x00000000       0x71 ..\obj\mf_kerning.o
 .comment       0x00000000       0x71 ..\obj\image_render.o

.ARM.attributes
                0x00000000       0x33
 .ARM.attributes
                0x00000000       0x33 ..\obj\usb_core.o
 .ARM.attributes
                0x00000033       0x33 ..\obj\usbd_usr.o
 .ARM.attributes
                0x00000066       0x33 ..\obj\StorageMode.o
 .ARM.attributes
                0x00000099       0x33 ..\obj\startup_stm32f4xx.o
 .ARM.attributes
                0x000000cc       0x33 ..\obj\string_render.o
 .ARM.attributes
                0x000000ff       0x33 ..\obj\stm32f4_discovery.o
 .ARM.attributes
                0x00000132       0x33 ..\obj\usbd_msc_core.o
 .ARM.attributes
                0x00000165       0x33 ..\obj\usbd_core.o
 .ARM.attributes
                0x00000198       0x33 ..\obj\main.o
 .ARM.attributes
                0x000001cb       0x33 ..\obj\stm32f4xx_rcc.o
 .ARM.attributes
                0x000001fe       0x33 ..\obj\stm32f4xx_it.o
 .ARM.attributes
                0x00000231       0x33 ..\obj\mf_font.o
 .ARM.attributes
                0x00000264       0x33 ..\obj\mf_rlefont.o
 .ARM.attributes
                0x00000297       0x33 ..\obj\usbd_msc_scsi.o
 .ARM.attributes
                0x000002ca       0x33 ..\obj\usbd_desc.o
 .ARM.attributes
                0x000002fd       0x33 ..\obj\mf_encoding.o
 .ARM.attributes
                0x00000330       0x33 ..\obj\stm32f4xx_gpio.o
 .ARM.attributes
                0x00000363       0x33 ..\obj\system_stm32f4xx.o
 .ARM.attributes
                0x00000396       0x33 ..\obj\syscalls.o
 .ARM.attributes
                0x000003c9       0x33 ..\obj\mf_justify.o
 .ARM.attributes
                0x000003fc       0x33 ..\obj\usb_bsp.o
 .ARM.attributes
                0x0000042f       0x33 ..\obj\usbd_req.o
 .ARM.attributes
                0x00000462       0x33 ..\obj\usb_dcd_int.o
 .ARM.attributes
                0x00000495       0x33 ..\obj\usbd_msc_data.o
 .ARM.attributes
                0x000004c8       0x33 ..\obj\emfat.o
 .ARM.attributes
                0x000004fb       0x33 ..\obj\stm32f4xx_exti.o
 .ARM.attributes
                0x0000052e       0x33 ..\obj\misc.o
 .ARM.attributes
                0x00000561       0x33 ..\obj\usb_dcd.o
 .ARM.attributes
                0x00000594       0x33 ..\obj\mf_wordwrap.o
 .ARM.attributes
                0x000005c7       0x33 ..\obj\usbd_ioreq.o
 .ARM.attributes
                0x000005fa       0x33 ..\obj\usbd_msc_bot.o
 .ARM.attributes
                0x0000062d       0x33 ..\obj\mf_kerning.o
 .ARM.attributes
                0x00000660       0x33 ..\obj\image_render.o
 .ARM.attributes
                0x00000693       0x2e c:/program files (x86)/gnu tools arm embedded/4.8 2014q3/bin/../lib/gcc/arm-none-eabi/4.8.4/../../../../arm-none-eabi/lib/armv7e-m\libg_s.a(lib_a-memcpy-stub.o)
 .ARM.attributes
                0x000006c1       0x2e c:/program files (x86)/gnu tools arm embedded/4.8 2014q3/bin/../lib/gcc/arm-none-eabi/4.8.4/../../../../arm-none-eabi/lib/armv7e-m\libg_s.a(lib_a-memset.o)
 .ARM.attributes
                0x000006ef       0x2e c:/program files (x86)/gnu tools arm embedded/4.8 2014q3/bin/../lib/gcc/arm-none-eabi/4.8.4/../../../../arm-none-eabi/lib/armv7e-m\libg_s.a(lib_a-sprintf.o)
 .ARM.attributes
                0x0000071d       0x2e c:/program files (x86)/gnu tools arm embedded/4.8 2014q3/bin/../lib/gcc/arm-none-eabi/4.8.4/../../../../arm-none-eabi/lib/armv7e-m\libg_s.a(lib_a-strlen.o)
 .ARM.attributes
                0x0000074b       0x2e c:/program files (x86)/gnu tools arm embedded/4.8 2014q3/bin/../lib/gcc/arm-none-eabi/4.8.4/../../../../arm-none-eabi/lib/armv7e-m\libg_s.a(lib_a-svfprintf.o)
 .ARM.attributes
                0x00000779       0x2e c:/program files (x86)/gnu tools arm embedded/4.8 2014q3/bin/../lib/gcc/arm-none-eabi/4.8.4/../../../../arm-none-eabi/lib/armv7e-m\libg_s.a(lib_a-vfprintf_i.o)
 .ARM.attributes
                0x000007a7       0x2e c:/program files (x86)/gnu tools arm embedded/4.8 2014q3/bin/../lib/gcc/arm-none-eabi/4.8.4/../../../../arm-none-eabi/lib/armv7e-m\libg_s.a(lib_a-impure.o)
 .ARM.attributes
                0x000007d5       0x2e c:/program files (x86)/gnu tools arm embedded/4.8 2014q3/bin/../lib/gcc/arm-none-eabi/4.8.4/../../../../arm-none-eabi/lib/armv7e-m\libg_s.a(lib_a-memchr-stub.o)
 .ARM.attributes
                0x00000803       0x2e c:/program files (x86)/gnu tools arm embedded/4.8 2014q3/bin/../lib/gcc/arm-none-eabi/4.8.4/../../../../arm-none-eabi/lib/armv7e-m\libg_s.a(lib_a-memmove.o)
 .ARM.attributes
                0x00000831       0x2e c:/program files (x86)/gnu tools arm embedded/4.8 2014q3/bin/../lib/gcc/arm-none-eabi/4.8.4/../../../../arm-none-eabi/lib/armv7e-m\libg_s.a(lib_a-nano-freer.o)
 .ARM.attributes
                0x0000085f       0x2e c:/program files (x86)/gnu tools arm embedded/4.8 2014q3/bin/../lib/gcc/arm-none-eabi/4.8.4/../../../../arm-none-eabi/lib/armv7e-m\libg_s.a(lib_a-nano-mallocr.o)
 .ARM.attributes
                0x0000088d       0x2e c:/program files (x86)/gnu tools arm embedded/4.8 2014q3/bin/../lib/gcc/arm-none-eabi/4.8.4/../../../../arm-none-eabi/lib/armv7e-m\libg_s.a(lib_a-nano-reallocr.o)
 .ARM.attributes
                0x000008bb       0x2e c:/program files (x86)/gnu tools arm embedded/4.8 2014q3/bin/../lib/gcc/arm-none-eabi/4.8.4/../../../../arm-none-eabi/lib/armv7e-m\libg_s.a(lib_a-sbrkr.o)
 .ARM.attributes
                0x000008e9       0x2e c:/program files (x86)/gnu tools arm embedded/4.8 2014q3/bin/../lib/gcc/arm-none-eabi/4.8.4/../../../../arm-none-eabi/lib/armv7e-m\libg_s.a(lib_a-nano-msizer.o)
 .ARM.attributes
                0x00000917       0x2e c:/program files (x86)/gnu tools arm embedded/4.8 2014q3/bin/../lib/gcc/arm-none-eabi/4.8.4/../../../../arm-none-eabi/lib/armv7e-m\libg_s.a(lib_a-reent.o)

.debug_frame    0x00000000     0x1c94
 .debug_frame   0x00000000      0x318 ..\obj\usb_core.o
 .debug_frame   0x00000318       0x80 ..\obj\usbd_usr.o
 .debug_frame   0x00000398       0xa0 ..\obj\StorageMode.o
 .debug_frame   0x00000438       0x38 ..\obj\startup_stm32f4xx.o
 .debug_frame   0x00000470       0xf8 ..\obj\string_render.o
 .debug_frame   0x00000568       0x98 ..\obj\stm32f4_discovery.o
 .debug_frame   0x00000600       0xa0 ..\obj\usbd_msc_core.o
 .debug_frame   0x000006a0      0x180 ..\obj\usbd_core.o
 .debug_frame   0x00000820       0x68 ..\obj\main.o
 .debug_frame   0x00000888      0x2ec ..\obj\stm32f4xx_rcc.o
 .debug_frame   0x00000b74       0xd8 ..\obj\stm32f4xx_it.o
 .debug_frame   0x00000c4c       0x78 ..\obj\mf_font.o
 .debug_frame   0x00000cc4       0xc8 ..\obj\mf_rlefont.o
 .debug_frame   0x00000d8c       0x50 ..\obj\usbd_msc_scsi.o
 .debug_frame   0x00000ddc       0xa8 ..\obj\usbd_desc.o
 .debug_frame   0x00000e84       0x3c ..\obj\mf_encoding.o
 .debug_frame   0x00000ec0      0x114 ..\obj\stm32f4xx_gpio.o
 .debug_frame   0x00000fd4       0x34 ..\obj\system_stm32f4xx.o
 .debug_frame   0x00001008       0xa0 ..\obj\syscalls.o
 .debug_frame   0x000010a8       0xf8 ..\obj\mf_justify.o
 .debug_frame   0x000011a0       0x6c ..\obj\usb_bsp.o
 .debug_frame   0x0000120c       0xac ..\obj\usbd_req.o
 .debug_frame   0x000012b8       0x60 ..\obj\usb_dcd_int.o
 .debug_frame   0x00001318      0x198 ..\obj\emfat.o
 .debug_frame   0x000014b0       0x9c ..\obj\stm32f4xx_exti.o
 .debug_frame   0x0000154c       0x68 ..\obj\misc.o
 .debug_frame   0x000015b4      0x12c ..\obj\usb_dcd.o
 .debug_frame   0x000016e0       0x48 ..\obj\mf_wordwrap.o
 .debug_frame   0x00001728       0xb8 ..\obj\usbd_ioreq.o
 .debug_frame   0x000017e0       0xcc ..\obj\usbd_msc_bot.o
 .debug_frame   0x000018ac       0x70 ..\obj\mf_kerning.o
 .debug_frame   0x0000191c       0x60 ..\obj\image_render.o
 .debug_frame   0x0000197c       0x28 c:/program files (x86)/gnu tools arm embedded/4.8 2014q3/bin/../lib/gcc/arm-none-eabi/4.8.4/../../../../arm-none-eabi/lib/armv7e-m\libg_s.a(lib_a-memcpy-stub.o)
 .debug_frame   0x000019a4       0x20 c:/program files (x86)/gnu tools arm embedded/4.8 2014q3/bin/../lib/gcc/arm-none-eabi/4.8.4/../../../../arm-none-eabi/lib/armv7e-m\libg_s.a(lib_a-memset.o)
 .debug_frame   0x000019c4       0x58 c:/program files (x86)/gnu tools arm embedded/4.8 2014q3/bin/../lib/gcc/arm-none-eabi/4.8.4/../../../../arm-none-eabi/lib/armv7e-m\libg_s.a(lib_a-sprintf.o)
 .debug_frame   0x00001a1c       0x20 c:/program files (x86)/gnu tools arm embedded/4.8 2014q3/bin/../lib/gcc/arm-none-eabi/4.8.4/../../../../arm-none-eabi/lib/armv7e-m\libg_s.a(lib_a-strlen.o)
 .debug_frame   0x00001a3c       0x88 c:/program files (x86)/gnu tools arm embedded/4.8 2014q3/bin/../lib/gcc/arm-none-eabi/4.8.4/../../../../arm-none-eabi/lib/armv7e-m\libg_s.a(lib_a-svfprintf.o)
 .debug_frame   0x00001ac4       0x60 c:/program files (x86)/gnu tools arm embedded/4.8 2014q3/bin/../lib/gcc/arm-none-eabi/4.8.4/../../../../arm-none-eabi/lib/armv7e-m\libg_s.a(lib_a-vfprintf_i.o)
 .debug_frame   0x00001b24       0x28 c:/program files (x86)/gnu tools arm embedded/4.8 2014q3/bin/../lib/gcc/arm-none-eabi/4.8.4/../../../../arm-none-eabi/lib/armv7e-m\libg_s.a(lib_a-memchr-stub.o)
 .debug_frame   0x00001b4c       0x2c c:/program files (x86)/gnu tools arm embedded/4.8 2014q3/bin/../lib/gcc/arm-none-eabi/4.8.4/../../../../arm-none-eabi/lib/armv7e-m\libg_s.a(lib_a-memmove.o)
 .debug_frame   0x00001b78       0x2c c:/program files (x86)/gnu tools arm embedded/4.8 2014q3/bin/../lib/gcc/arm-none-eabi/4.8.4/../../../../arm-none-eabi/lib/armv7e-m\libg_s.a(lib_a-nano-freer.o)
 .debug_frame   0x00001ba4       0x2c c:/program files (x86)/gnu tools arm embedded/4.8 2014q3/bin/../lib/gcc/arm-none-eabi/4.8.4/../../../../arm-none-eabi/lib/armv7e-m\libg_s.a(lib_a-nano-mallocr.o)
 .debug_frame   0x00001bd0       0x30 c:/program files (x86)/gnu tools arm embedded/4.8 2014q3/bin/../lib/gcc/arm-none-eabi/4.8.4/../../../../arm-none-eabi/lib/armv7e-m\libg_s.a(lib_a-nano-reallocr.o)
 .debug_frame   0x00001c00       0x2c c:/program files (x86)/gnu tools arm embedded/4.8 2014q3/bin/../lib/gcc/arm-none-eabi/4.8.4/../../../../arm-none-eabi/lib/armv7e-m\libg_s.a(lib_a-sbrkr.o)
 .debug_frame   0x00001c2c       0x20 c:/program files (x86)/gnu tools arm embedded/4.8 2014q3/bin/../lib/gcc/arm-none-eabi/4.8.4/../../../../arm-none-eabi/lib/armv7e-m\libg_s.a(lib_a-nano-msizer.o)
 .debug_frame   0x00001c4c       0x48 c:/program files (x86)/gnu tools arm embedded/4.8 2014q3/bin/../lib/gcc/arm-none-eabi/4.8.4/../../../../arm-none-eabi/lib/armv7e-m\libg_s.a(lib_a-reent.o)
